// Jest Snapshot v1, https://goo.gl/fbAQLP

exports[`Billing Stack 1`] = `
{
  "Parameters": {
    "BootstrapVersion": {
      "Default": "/cdk-bootstrap/hnb659fds/version",
      "Description": "Version of the CDK Bootstrap resources in this environment, automatically retrieved from SSM Parameter Store. [cdk:skip]",
      "Type": "AWS::SSM::Parameter::Value<String>",
    },
  },
  "Resources": {
    "BudgetED13AE41": {
      "Properties": {
        "Budget": {
          "BudgetLimit": {
            "Amount": 1,
            "Unit": "USD",
          },
          "BudgetName": "monthly-budget",
          "BudgetType": "COST",
          "TimeUnit": "MONTHLY",
        },
        "NotificationsWithSubscribers": [
          {
            "Notification": {
              "ComparisonOperator": "GREATER_THAN",
              "NotificationType": "ACTUAL",
              "Threshold": 100,
              "ThresholdType": "PERCENTAGE",
            },
            "Subscribers": [
              {
                "Address": "test@example.com",
                "SubscriptionType": "EMAIL",
              },
            ],
          },
        ],
      },
      "Type": "AWS::Budgets::Budget",
    },
  },
  "Rules": {
    "CheckBootstrapVersion": {
      "Assertions": [
        {
          "Assert": {
            "Fn::Not": [
              {
                "Fn::Contains": [
                  [
                    "1",
                    "2",
                    "3",
                    "4",
                    "5",
                  ],
                  {
                    "Ref": "BootstrapVersion",
                  },
                ],
              },
            ],
          },
          "AssertDescription": "CDK bootstrap stack version 6 required. Please run 'cdk bootstrap' with a recent version of the CDK CLI.",
        },
      ],
    },
  },
}
`;
